tests/findr/inputs/a/b/b.csv
tests/findr/inputs/a/b/c/c.mp3
tests/findr/inputs/d/b.csv
tests/findr/inputs/d/e/e.mp3
tests/findr/inputs/g.csv
