tests/findr/inputs/a/a.txt
tests/findr/inputs/d/d.txt
