tests/findr/inputs/d/d.tsv
tests/findr/inputs/d/d.txt
tests/findr/inputs/d/e/e.mp3
