tests/findr/inputs/a/b
tests/findr/inputs/a/b/c
tests/findr/inputs/d
tests/findr/inputs/d/e
