tests/findr/inputs/a
tests/findr/inputs/a/b
tests/findr/inputs/a/b/c
