tests/findr/inputs/a/b/b.csv
tests/findr/inputs/a/b/c/c.mp3
tests/findr/inputs/d/d.tsv
tests/findr/inputs/d/d.txt
tests/findr/inputs/d/e/e.mp3
