tests/cli/inputs/a/b/b.csv
tests/cli/inputs/d/b.csv
tests/cli/inputs/g.csv
