tests/cli/inputs/a/a.txt
tests/cli/inputs/d/d.txt
