tests/cli/inputs/a/b/b.csv
tests/cli/inputs/a/b/c/c.mp3
tests/cli/inputs/d/b.csv
tests/cli/inputs/d/e/e.mp3
tests/cli/inputs/g.csv
