tests/cli/inputs/a/b
tests/cli/inputs/a/b/b.csv
tests/cli/inputs/a/b/c
tests/cli/inputs/a/b/c/c.mp3
tests/cli/inputs/d
tests/cli/inputs/d/b.csv
tests/cli/inputs/d/d.tsv
tests/cli/inputs/d/d.txt
tests/cli/inputs/d/e
tests/cli/inputs/d/e/e.mp3
