tests/cli/inputs/a
tests/cli/inputs/a/a.txt
tests/cli/inputs/a/b
tests/cli/inputs/a/b/b.csv
tests/cli/inputs/a/b/c
tests/cli/inputs/a/b/c/c.mp3
