{"path":"/usr/src/workspace/ocfl-crawler-rust/tests/cli/1.0/minimal_one_version_one_file"}
{"path":"/usr/src/workspace/ocfl-crawler-rust/tests/cli/1.0/minimal_no_content"}
{"path":"/usr/src/workspace/ocfl-crawler-rust/tests/cli/1.1/minimal_one_version_one_file"}
{"path":"/usr/src/workspace/ocfl-crawler-rust/tests/cli/1.1/minimal_no_content"}
