{"path":"/usr/src/workspace/ocfl-crawler-rust/tests/cli/1.0/minimal_one_version_one_file","id":"ark:123/abc","key":"minimal_one_version_one_file","namespace":"ns1"}
{"path":"/usr/src/workspace/ocfl-crawler-rust/tests/cli/1.0/minimal_no_content","id":"http://example.org/minimal_no_content","key":"minimal_no_content","namespace":"ns1"}
{"path":"/usr/src/workspace/ocfl-crawler-rust/tests/cli/1.1/minimal_one_version_one_file","id":"ark:123/abc","key":"minimal_one_version_one_file","namespace":"ns1"}
{"path":"/usr/src/workspace/ocfl-crawler-rust/tests/cli/1.1/minimal_no_content","id":"http://example.org/minimal_no_content","key":"minimal_no_content","namespace":"ns1"}
