{"path":"./minimal_one_version_one_file","id":"ark:123/abc"}
{"id":"http://example.org/minimal_no_content","path":"./minimal_no_content"}
{"id":"ark:123/abc","path":"./minimal_one_version_one_file"}
{"path":"./minimal_no_content","id":"http://example.org/minimal_no_content"}
