tests/cli/inputs/a
tests/cli/inputs/a/b
tests/cli/inputs/a/b/c
